{
    "Verdict":  "PASS",
    "Package":  {
                    "contractVersion":  "1.2",
                    "counts":  {
                                   "CustomerInvoice":  38,
                                   "CustomerInvoiceLine":  50
                               },
                    "createdAtUtc":  "2026-07-29T14:45:07.634531+00:00",
                    "dataEnvironment":  "LIVE",
                    "extraction":  {
                                       "filteredLineCounts":  {
                                                                  "non_report_line_code":  127,
                                                                  "zero_quantity":  42
                                                              },
                                       "physicalHeaderCount":  38,
                                       "physicalLineCount":  219
                                   },
                    "headerClassifications":  {
                                                  "Unchanged":  38
                                              },
                    "lineClassifications":  {
                                                "Unchanged":  50
                                            },
                    "manufacturingResolutionCounts":  {
                                                          "CurrentMasterResolved":  26,
                                                          "HistoricalReconstructed":  21,
                                                          "Unavailable":  3
                                                      },
                    "missingRowsRetained":  true,
                    "naturalKey":  [
                                       "FirmId",
                                       "ArType",
                                       "CustomerNumber",
                                       "InvoiceNumber",
                                       "InvoiceLineNumber"
                                   ],
                    "negativeQuantityCount":  0,
                    "packageContentSha256":  "3322BC6B0167A6DC3A3BE2281D68F8F36FC99FAB6372CE865986CD3E03E35AA3",
                    "runId":  "INVOICEHISTORYREFRESH-20260729T144018Z-3B2B64EE",
                    "schema":  "DLE_INVOICE_HISTORY_REFRESH_V1",
                    "schemaVersion":  1,
                    "sourceIdentity":  {
                                           "art03_blank_dates":  "0",
                                           "art03_bytes_read":  "4122552",
                                           "art03_fid_after_hex":  "06140000000000C0583A2F414F4E2F41444154412F4152542D3033",
                                           "art03_fid_before_hex":  "06140000000000C0583A2F414F4E2F41444154412F4152542D3033",
                                           "art03_fin_after_hex":  "00496200FFFFFFFF0001800000020340D00800000000000000005CFC51D10000000000000000000000000000000000000000000000000000000000000000000000000000000000000000000000004BF6000000000000000000000000000000000000000000000000000000000000000000000000000000000000000000000000000000000000000000000000000000000000000000000000000000000000000000000000000000000000000000000000000000000000000000000000000000000000000000000000000000000000000000000000000000000000000000000000000000000000000000000000000000000000000000000000000000000000000000000000000000000000000000000000000000000000000000000000000000000000000000000000000000000000000000000000000000000000000000000000000000000000000000000000000000000000000000000000000000000000000000000000000000000000000000000000000000000000000000000000000000000000000000000000000000000000000000000000000000000000000000000000000000000000000000000000000000000000000000000000000000000000000000000000000000000000000000000000000000000000",
                                           "art03_fin_before_hex":  "00496200FFFFFFFF0001800000020340D00800000000000000005CFC51D10000000000000000000000000000000000000000000000000000000000000000000000000000000000000000000000004BF6000000000000000000000000000000000000000000000000000000000000000000000000000000000000000000000000000000000000000000000000000000000000000000000000000000000000000000000000000000000000000000000000000000000000000000000000000000000000000000000000000000000000000000000000000000000000000000000000000000000000000000000000000000000000000000000000000000000000000000000000000000000000000000000000000000000000000000000000000000000000000000000000000000000000000000000000000000000000000000000000000000000000000000000000000000000000000000000000000000000000000000000000000000000000000000000000000000000000000000000000000000000000000000000000000000000000000000000000000000000000000000000000000000000000000000000000000000000000000000000000000000000000000000000000000000000000000000000000000000000000",
                                           "art03_future_dates":  "0",
                                           "art03_headers_examined":  "19446",
                                           "art03_headers_selected":  "38",
                                           "art03_invalid_dates":  "0",
                                           "art03_void_headers":  "296",
                                           "art13_bytes_read":  "53436",
                                           "art13_exact_key_probes":  "38000",
                                           "art13_fid_after_hex":  "06140000000000E0583A2F414F4E2F41444154412F4152542D3133",
                                           "art13_fid_before_hex":  "06140000000000E0583A2F414F4E2F41444154412F4152542D3133",
                                           "art13_fin_after_hex":  "01516E00FFFFFFFF0001800000020340CFF000000000000000005CFC51CA000000000000000000000000000000000000000000000000000000000000000000000000000000000000000000000001349B000000000000000000000000000000000000000000000000000000000000000000000000000000000000000000000000000000000000000000000000000000000000000000000000000000000000000000000000000000000000000000000000000000000000000000000000000000000000000000000000000000000000000000000000000000000000000000000000000000000000000000000000000000000000000000000000000000000000000000000000000000000000000000000000000000000000000000000000000000000000000000000000000000000000000000000000000000000000000000000000000000000000000000000000000000000000000000000000000000000000000000000000000000000000000000000000000000000000000000000000000000000000000000000000000000000000000000000000000000000000000000000000000000000000000000000000000000000000000000000000000000000000000000000000000000000000000000000000000000000000",
                                           "art13_fin_before_hex":  "01516E00FFFFFFFF0001800000020340CFF000000000000000005CFC51CA000000000000000000000000000000000000000000000000000000000000000000000000000000000000000000000001349B000000000000000000000000000000000000000000000000000000000000000000000000000000000000000000000000000000000000000000000000000000000000000000000000000000000000000000000000000000000000000000000000000000000000000000000000000000000000000000000000000000000000000000000000000000000000000000000000000000000000000000000000000000000000000000000000000000000000000000000000000000000000000000000000000000000000000000000000000000000000000000000000000000000000000000000000000000000000000000000000000000000000000000000000000000000000000000000000000000000000000000000000000000000000000000000000000000000000000000000000000000000000000000000000000000000000000000000000000000000000000000000000000000000000000000000000000000000000000000000000000000000000000000000000000000000000000000000000000000000000",
                                           "art13_lines_examined":  "219",
                                           "art13_lines_selected":  "219",
                                           "open_mode":  "O_RDONLY",
                                           "overlap_end":  "2026-07-29",
                                           "overlap_start":  "2026-06-15"
                                       },
                    "verdict":  "PASS",
                    "windowEnd":  "2026-07-29",
                    "windowStart":  "2026-06-15",
                    "workOrderResolutionCounts":  {
                                                      "Unique":  21,
                                                      "Unresolved":  29
                                                  }
                },
    "Import":  {
                   "Verdict":  "PASS",
                   "Result":  "NO_SOURCE_CHANGES",
                   "ChangeCount":  0,
                   "InvoiceHistoryRefreshRunId":  "c73dda86-f5f5-4ffe-9735-e9a0106f0162",
                   "InvoiceHistoryImportRunId":  "5d34047a-8d69-4839-89a9-70658a3db6ee",
                   "PackageContentHash":  "3322BC6B0167A6DC3A3BE2281D68F8F36FC99FAB6372CE865986CD3E03E35AA3",
                   "ExpectedCounts":  {
                                          "HeaderInsert":  0,
                                          "HeaderUpdate":  0,
                                          "HeaderUnchanged":  38,
                                          "HeaderMissing":  0,
                                          "LineInsert":  0,
                                          "LineUpdate":  0,
                                          "LineUnchanged":  50,
                                          "LineMissing":  0
                                      }
               },
    "SourceAccess":  "NONE_LOCAL_COMPLETION"
}
